Paths that match both --include and --exclude will be skipped by Semgrep.
               
               
┌─────────────┐
│ Scan Status │
└─────────────┘
  Scanning 18 files tracked by git with 11 Code rules:
  Scanning 18 files with 11 rust rules.
                
                
┌──────────────┐
│ Scan Summary │
└──────────────┘
✅ Scan completed successfully.
 • Findings: 0 (0 blocking)
 • Rules run: 11
 • Targets scanned: 18
 • Parsed lines: ~100.0%
 • Scan skipped: 
   ◦ Not matching --include patterns: 28
   ◦ Files matching .semgrepignore patterns: 6
 • Scan was limited to files tracked by git
 • For a detailed list of skipped files and lines, run semgrep with the --verbose flag
Ran 11 rules on 18 files: 0 findings.
(need more rules? `semgrep login` for additional free Semgrep Registry rules)


A new version of Semgrep is available. See https://semgrep.dev/docs/upgrading
If Semgrep missed a finding, please send us feedback to let us know!
See https://semgrep.dev/docs/reporting-false-negatives/
